Flutter crash report.
Please report a bug at https://github.com/flutter/flutter/issues.

## command

flutter debug_adapter

## exception

RPCError: getIsolate: (-32603) Unexpected DWDS error for getIsolate: Bad state: No running isolate (inspector is not set).

```
#0      new _OutstandingRequest (package:vm_service/src/vm_service.dart:265:34)
#1      VmService._call.<anonymous closure> (package:vm_service/src/vm_service.dart:1921:25)
#2      VmService._call (package:vm_service/src/vm_service.dart:1933:8)
#3      VmService.getIsolate (package:vm_service/src/vm_service.dart:1009:7)
#4      IsolateManager._sendLibraryDebuggables (package:dds/src/dap/isolate_manager.dart:1034:35)
#5      IsolateManager._configureIsolate (package:dds/src/dap/isolate_manager.dart:555:9)
#6      IsolateManager.registerIsolate (package:dds/src/dap/isolate_manager.dart:246:13)
#7      IsolateManager.handleEvent (package:dds/src/dap/isolate_manager.dart:189:13)
#8      DartDebugAdapter.handleIsolateEvent (package:dds/src/dap/adapters/dart.dart:2488:26)
<asynchronous suspension>
#9      DartDebugAdapter._withErrorHandling (package:dds/src/dap/adapters/dart.dart:2819:14)
<asynchronous suspension>
```

## flutter doctor

```
[✓] Flutter (Channel stable, 3.32.0, on macOS 15.4.1 24E263 darwin-arm64, locale en-IN) [577ms]
    • Flutter version 3.32.0 on channel stable at /Users/kutty_uner/development/flutter
    • Upstream repository https://github.com/flutter/flutter.git
    • Framework revision be698c48a6 (2 months ago), 2025-05-19 12:59:14 -0700
    • Engine revision 1881800949
    • Dart version 3.8.0
    • DevTools version 2.45.1

[✓] Android toolchain - develop for Android devices (Android SDK version 35.0.0) [2.4s]
    • Android SDK at /Users/kutty_uner/Library/Android/sdk
    • Platform android-35, build-tools 35.0.0
    • Java binary at: /Applications/Android Studio.app/Contents/jbr/Contents/Home/bin/java
      This is the JDK bundled with the latest Android Studio installation on this machine.
      To manually set the JDK path, use: `flutter config --jdk-dir="path/to/jdk"`.
    • Java version OpenJDK Runtime Environment (build 17.0.11+0-17.0.11b1207.24-11852314)
    • All Android licenses accepted.

[✓] Xcode - develop for iOS and macOS (Xcode 16.3) [1,285ms]
    • Xcode at /Applications/Xcode.app/Contents/Developer
    • Build 16E140
    • CocoaPods version 1.16.2

[✓] Chrome - develop for the web [8ms]
    • Chrome at /Applications/Google Chrome.app/Contents/MacOS/Google Chrome

[✓] Android Studio (version 2024.1) [7ms]
    • Android Studio at /Applications/Android Studio.app/Contents
    • Flutter plugin can be installed from:
      🔨 https://plugins.jetbrains.com/plugin/9212-flutter
    • Dart plugin can be installed from:
      🔨 https://plugins.jetbrains.com/plugin/6351-dart
    • Java version OpenJDK Runtime Environment (build 17.0.11+0-17.0.11b1207.24-11852314)

[✓] VS Code (version 1.100.2) [6ms]
    • VS Code at /Applications/Visual Studio Code.app/Contents
    • Flutter extension version 3.114.0

[✓] Connected device (2 available) [6.9s]
    • macOS (desktop) • macos  • darwin-arm64   • macOS 15.4.1 24E263 darwin-arm64
    • Chrome (web)    • chrome • web-javascript • Google Chrome 138.0.7204.158
    ! Error: Browsing on the local area network for Rajesh’s iPhone. Ensure the device is unlocked and attached with a cable or associated with the same local area network as this Mac.
      The device must be opted into Developer Mode to connect wirelessly. (code -27)

[✓] Network resources [503ms]
    • All expected network resources are available.

• No issues found!
```
